// Jest Snapshot v1, https://goo.gl/fbAQLP

exports[`joinClassNames check style output 1`] = `
Object {
  "animation": "st-animation-3",
  "container": "st-container-2",
}
`;

exports[`joinClassNames check style output 2`] = `
".st-container-2 {
  font-family: Nonito;
}
@media (min-device-width: 800px) {
  .st-container-2 {
    padding-top: 50px;
    flex: 1;
  }
  .st-container-2:hover {
    background-color: red;
  }
  .st-container-2 span {
    color: black;
    height: 4px;
    font-size: 20;
  }
  .st-container-2.libraryClass {
    color: black;
    height: 4px;
    font-size: 20;
  }
}
.st-animation-3 {
  padding-top: 50px;
  animation-name: st-animation-1;
  animation-iteration-count: infinite;
  animation-duration: 4s;
}"
`;

exports[`joinClassNames check style output 3`] = `
Object {
  "attributes": Object {
    "type": "text/css",
  },
  "type": "style",
}
`;

exports[`joinClassNames check style output 4`] = `
"@keyframes st-animation-1 {
  0% {
    top: 0px;
    left: 0px;
    background: red;
  }
  25% {
    top: 0px;
    left: 100px;
    background: blue;
  }
  50% {
    top: 100px;
    left: 100px;
    background: yellow;
  }
  75% {
    top: 100px;
    left: 0px;
    background: green;
  }
  100% {
    top: 0px;
    left: 0px;
    background: red;
  }
}"
`;

exports[`joinClassNames check style output 5`] = `
Object {
  "attributes": Object {
    "type": "text/css",
  },
  "type": "style",
}
`;
